Archive member included because of file (symbol)

/usr/lib/gcc/arm-none-eabi/4.9.3/libgcc.a(_udivsi3.o)
                              binaries/fs.o (__aeabi_uidiv)
/usr/lib/gcc/arm-none-eabi/4.9.3/libgcc.a(_divsi3.o)
                              binaries/xsh_help.o (__aeabi_idiv)
/usr/lib/gcc/arm-none-eabi/4.9.3/libgcc.a(_dvmd_tls.o)
                              /usr/lib/gcc/arm-none-eabi/4.9.3/libgcc.a(_udivsi3.o) (__aeabi_idiv0)

Allocating common symbols
Common symbol       size              file

netbufpool          0x4               binaries/net.o
readylist           0x2               binaries/ready.o
rfltab              0x5a0             binaries/rflinit.o
sleepq              0x2               binaries/clkinit.o
intc_vector         0x200             binaries/evec.o
nnames              0x4               binaries/naminit.o
inodes_state        0x200             binaries/bs.o
udptab              0x168             binaries/udp.o
minheap             0x4               binaries/meminit.o
marks               0x50              binaries/mark.o
currpid             0x4               binaries/initialize.o
Lf_data             0x20c             binaries/lfsinit.o
porttab             0x2d0             binaries/ptinit.o
ttytab              0x10c             binaries/ttyinit.o
slottab             0x90              binaries/slot_queue.o
dlist               0x2               binaries/clkinit.o
proctab             0x15e0            binaries/initialize.o
eth_a_regs          0x1c              binaries/ethinit.o
prcount             0x4               binaries/initialize.o
dev0_blocks         0x4               binaries/fs.o
lfltab              0xf00             binaries/lflinit.o
block_cache         0x201             binaries/bs.o
futQ                0x1c20            binaries/xsh_prodcons.o
rdstab              0x8c              binaries/rdsinit.o
ethertab            0x138             binaries/ethinit.o
nsaddr              0x4               binaries/dns.o
NetData             0xa8              binaries/net.o
mutex               0x4               binaries/xsh_cliver.o
nmarks              0x4               binaries/mark.o
dev0_blocksize      0x4               binaries/fs.o
Defer               0x8               binaries/resched.o
semtab              0x4b0             binaries/initialize.o
maxheap             0x4               binaries/meminit.o
preempt             0x4               binaries/clkinit.o
buftab              0xf0              binaries/bufinit.o
Rf_data             0x18              binaries/rfsinit.o
mkmutex             0x4               binaries/mark.o
printmutex          0x4               binaries/xsh_cliver.o
clktime             0x4               binaries/clkinit.o
cpudelay            0x4               binaries/main.o
arpcache            0x140             binaries/arp.o
icmptab             0x230             binaries/icmp.o
nbpools             0x4               binaries/bufinit.o
oft                 0x540             binaries/bs.o
queuetab            0x980             binaries/queue.o
dev0_numblocks      0x4               binaries/fs.o
ptnextid            0x4               binaries/ptinit.o
Ram                 0x19000           binaries/raminit.o
ipoqueue            0x2c              binaries/ip.o
consumed            0x4               binaries/xsh_prodcons.o
memlist             0x8               binaries/initialize.o
produced            0x4               binaries/xsh_prodcons.o
nametab             0x19a0            binaries/naminit.o
ptfree              0x4               binaries/ptinit.o

Memory Configuration

Name             Origin             Length             Attributes
*default*        0x0000000000000000 0xffffffffffffffff

Linker script and memory map

                0x0000000081000000                physbase = 0x81000000
                0x0000000081000000                . = physbase
                0x0000000081000000                . = ALIGN (0x1000)

.text           0x0000000081000000    0x1b000
                0x0000000081000000                text = ABSOLUTE (.)
 *(.text .text.*)
 .text          0x0000000081000000       0x4c binaries/start.o
                0x0000000081000000                start
 .text          0x000000008100004c      0x370 binaries/ascdate.o
                0x000000008100004c                ascdate
 .text          0x00000000810003bc      0x17c binaries/bs.o
                0x00000000810003bc                bs_mkdev
                0x0000000081000458                bs_bread
                0x00000000810004c8                bs_bwrite
 .text          0x0000000081000538       0x18 binaries/bufinit.o
                0x0000000081000538                bufinit
 .text          0x0000000081000550       0x70 binaries/chprio.o
                0x0000000081000550                chprio
 .text          0x00000000810005c0      0x158 binaries/clkhandler.o
                0x00000000810005c0                clkhandler
 .text          0x0000000081000718       0xe4 binaries/clkinit.o
                0x0000000081000718                clkinit
 .text          0x00000000810007fc       0x5c binaries/close.o
                0x00000000810007fc                close
 .text          0x0000000081000858        0x0 binaries/conf.o
 .text          0x0000000081000858       0x70 binaries/control.o
                0x0000000081000858                control
 .text          0x00000000810008c8      0x2c0 binaries/create.o
                0x00000000810008c8                create
 .text          0x0000000081000b88       0xb0 binaries/evec.o
                0x0000000081000b88                initintc
                0x0000000081000bb4                set_evec
                0x0000000081000bf4                irq_dispatch
 .text          0x0000000081000c38       0x10 binaries/exit.o
                0x0000000081000c38                exit
 .text          0x0000000081000c48       0x84 binaries/freebuf.o
                0x0000000081000c48                freebuf
 .text          0x0000000081000ccc      0x150 binaries/freemem.o
                0x0000000081000ccc                freemem
 .text          0x0000000081000e1c     0x12a4 binaries/fs.o
                0x0000000081000e1c                fs_fileblock_to_diskblock
                0x0000000081000e5c                fs_get_inode_by_num
                0x0000000081000f20                fs_put_inode_by_num
                0x0000000081001008                fs_print_fsd
                0x000000008100109c                fs_setmaskbit
                0x00000000810010e0                fs_mkfs
                0x0000000081001250                fs_getmaskbit
                0x000000008100128c                fs_clearmaskbit
                0x00000000810012d0                fs_printfreemask
                0x0000000081001378                fs_create
                0x00000000810015b8                fs_open
                0x00000000810017ec                writeBlock
                0x0000000081001808                min
                0x0000000081001814                fs_write
                0x0000000081001c40                readBlock
                0x0000000081001c5c                fs_read
                0x0000000081001eb4                fs_seek
                0x0000000081002048                fs_close
 .text          0x00000000810020c0      0x254 binaries/fs_create.o
                0x00000000810020c0                fs_create1
 .text          0x0000000081002314        0x4 binaries/fs_init.o
                0x0000000081002314                fs_init
 .text          0x0000000081002318      0x238 binaries/fs_open.o
                0x0000000081002318                fs_open1
 .text          0x0000000081002550      0x3b0 binaries/fs_write.o
                0x0000000081002550                writeBlock1
                0x000000008100256c                min1
                0x0000000081002578                fs_write1
 .text          0x0000000081002900      0x2a0 binaries/fut_queue.o
                0x0000000081002900                fut_enqueue
                0x0000000081002a20                fut_dequeue
                0x0000000081002ae4                isEmpty
                0x0000000081002afc                printQ
 .text          0x0000000081002ba0       0x90 binaries/future_alloc.o
                0x0000000081002ba0                future_alloc
 .text          0x0000000081002c30      0x114 binaries/future_free.o
                0x0000000081002c30                free_queue
                0x0000000081002ce0                future_free
 .text          0x0000000081002d44      0x418 binaries/future_get.o
                0x0000000081002d44                future_get_exclusive
                0x0000000081002e3c                future_get_shared
                0x0000000081002f54                future_get_queue
                0x00000000810030d8                future_get
 .text          0x000000008100315c      0x2c0 binaries/future_set.o
                0x000000008100315c                future_set_exclusive
                0x00000000810031c0                future_set_shared
                0x0000000081003238                future_set_queue
                0x000000008100338c                future_set
 .text          0x000000008100341c       0x7c binaries/getbuf.o
                0x000000008100341c                getbuf
 .text          0x0000000081003498       0x5c binaries/getc.o
                0x0000000081003498                getc
 .text          0x00000000810034f4       0x68 binaries/getdev.o
                0x00000000810034f4                getdev
 .text          0x000000008100355c       0xa0 binaries/getitem.o
                0x000000008100355c                getitem
                0x000000008100358c                getfirst
                0x00000000810035c0                getlast
 .text          0x00000000810035fc      0x108 binaries/getmem.o
                0x00000000810035fc                getmem
 .text          0x0000000081003704       0x10 binaries/getpid.o
                0x0000000081003704                getpid
 .text          0x0000000081003714       0x5c binaries/getprio.o
                0x0000000081003714                getprio
 .text          0x0000000081003770       0xd0 binaries/getstk.o
                0x0000000081003770                getstk
 .text          0x0000000081003840       0x38 binaries/gettime.o
                0x0000000081003840                gettime
 .text          0x0000000081003878      0x1c8 binaries/getutime.o
                0x0000000081003878                getutime
 .text          0x0000000081003a40       0x5c binaries/init.o
                0x0000000081003a40                init
 .text          0x0000000081003a9c      0x2f8 binaries/initialize.o
                0x0000000081003a9c                nulluser
                0x0000000081003d34                stop
                0x0000000081003d58                delay
 .text          0x0000000081003d94      0x1a0 binaries/initQ.o
                0x0000000081003d94                initQ
 .text          0x0000000081003f34       0xc0 binaries/insert.o
                0x0000000081003f34                insert
 .text          0x0000000081003ff4      0x12c binaries/insertd.o
                0x0000000081003ff4                insertd
 .text          0x0000000081004120        0x8 binaries/ioerr.o
                0x0000000081004120                ioerr
 .text          0x0000000081004128        0x8 binaries/ionull.o
                0x0000000081004128                ionull
 .text          0x0000000081004130      0x190 binaries/kill.o
                0x0000000081004130                kill
 .text          0x00000000810042c0       0xb4 binaries/kprintf.o
                0x00000000810042c0                kputc
                0x0000000081004300                kgetc
                0x0000000081004334                kprintf
 .text          0x0000000081004374       0xdc binaries/main.o
                0x0000000081004374                counterproc
                0x00000000810043b0                main
 .text          0x0000000081004450       0xd0 binaries/mark.o
                0x0000000081004450                markinit
                0x000000008100447c                mark
 .text          0x0000000081004520       0x44 binaries/meminit.o
                0x0000000081004520                meminit
 .text          0x0000000081004564      0x138 binaries/mkbufpool.o
                0x0000000081004564                mkbufpool
 .text          0x000000008100469c       0x88 binaries/newqueue.o
                0x000000008100469c                newqueue
 .text          0x0000000081004724       0x68 binaries/open.o
                0x0000000081004724                open
 .text          0x000000008100478c       0x20 binaries/panic.o
                0x000000008100478c                panic
 .text          0x00000000810047ac       0x48 binaries/platinit.o
                0x00000000810047ac                platinit
 .text          0x00000000810047f4       0xa8 binaries/ptclear.o
                0x00000000810047f4                _ptclear
 .text          0x000000008100489c       0x90 binaries/ptcount.o
                0x000000008100489c                ptcount
 .text          0x000000008100492c      0x100 binaries/ptcreate.o
                0x000000008100492c                ptcreate
 .text          0x0000000081004a2c       0x70 binaries/ptdelete.o
                0x0000000081004a2c                ptdelete
 .text          0x0000000081004a9c       0xbc binaries/ptinit.o
                0x0000000081004a9c                ptinit
 .text          0x0000000081004b58      0x144 binaries/ptrecv.o
                0x0000000081004b58                ptrecv
 .text          0x0000000081004c9c       0x6c binaries/ptreset.o
                0x0000000081004c9c                ptreset
 .text          0x0000000081004d08      0x15c binaries/ptsend.o
                0x0000000081004d08                ptsend
 .text          0x0000000081004e64       0x64 binaries/putc.o
                0x0000000081004e64                putc
 .text          0x0000000081004ec8       0xe0 binaries/queue.o
                0x0000000081004ec8                enqueue
                0x0000000081004f4c                dequeue
 .text          0x0000000081004fa8       0x68 binaries/read.o
                0x0000000081004fa8                read
 .text          0x0000000081005010       0x74 binaries/ready.o
                0x0000000081005010                ready
 .text          0x0000000081005084       0x84 binaries/receive.o
                0x0000000081005084                receive
 .text          0x0000000081005108       0x64 binaries/recvclr.o
                0x0000000081005108                recvclr
 .text          0x000000008100516c       0xe0 binaries/recvtime.o
                0x000000008100516c                recvtime
 .text          0x000000008100524c      0x1d0 binaries/resched.o
                0x000000008100524c                resched
                0x0000000081005368                resched_cntl
 .text          0x000000008100541c       0x88 binaries/resume.o
                0x000000008100541c                resume
 .text          0x00000000810054a4       0x64 binaries/seek.o
                0x00000000810054a4                seek
 .text          0x0000000081005508       0x58 binaries/semcount.o
                0x0000000081005508                semcount
 .text          0x0000000081005560       0xb8 binaries/semcreate.o
                0x0000000081005560                semcreate
 .text          0x0000000081005618       0xc8 binaries/semdelete.o
                0x0000000081005618                semdelete
 .text          0x00000000810056e0       0xb4 binaries/semreset.o
                0x00000000810056e0                semreset
 .text          0x0000000081005794       0xc8 binaries/send.o
                0x0000000081005794                send
 .text          0x000000008100585c       0x98 binaries/signal.o
                0x000000008100585c                signal
 .text          0x00000000810058f4       0xb8 binaries/signaln.o
                0x00000000810058f4                signaln
 .text          0x00000000810059ac       0xd4 binaries/sleep.o
                0x00000000810059ac                sleepms
                0x0000000081005a4c                sleep
 .text          0x0000000081005a80      0x180 binaries/slot_queue.o
                0x0000000081005a80                enqueueslot
                0x0000000081005b70                dequeueslot
                0x0000000081005bcc                initSlotQ
 .text          0x0000000081005c00       0xd0 binaries/suspend.o
                0x0000000081005c00                suspend
 .text          0x0000000081005cd0       0xa4 binaries/unsleep.o
                0x0000000081005cd0                unsleep
 .text          0x0000000081005d74       0x10 binaries/userret.o
                0x0000000081005d74                userret
 .text          0x0000000081005d84       0xc4 binaries/wait.o
                0x0000000081005d84                wait
 .text          0x0000000081005e48       0x90 binaries/wakeup.o
                0x0000000081005e48                wakeup
 .text          0x0000000081005ed8       0x68 binaries/write.o
                0x0000000081005ed8                write
 .text          0x0000000081005f40       0x18 binaries/xdone.o
                0x0000000081005f40                xdone
 .text          0x0000000081005f58       0x20 binaries/yield.o
                0x0000000081005f58                yield
 .text          0x0000000081005f78        0xc binaries/abs.o
                0x0000000081005f78                abs
 .text          0x0000000081005f84      0x130 binaries/atoi.o
                0x0000000081005f84                atoi
 .text          0x00000000810060b4      0x130 binaries/atol.o
                0x00000000810060b4                atol
 .text          0x00000000810061e4       0x20 binaries/bzero.o
                0x00000000810061e4                bzero
 .text          0x0000000081006204        0x0 binaries/ctype_.o
 .text          0x0000000081006204      0x968 binaries/doprnt.o
                0x00000000810063f4                _doprnt
 .text          0x0000000081006b6c      0x728 binaries/doscan.o
                0x0000000081006b6c                _doscan
 .text          0x0000000081007294      0x8c0 binaries/fdoprnt.o
                0x0000000081007344                _fdoprnt
 .text          0x0000000081007b54       0x14 binaries/fgetc.o
                0x0000000081007b54                fgetc
 .text          0x0000000081007b68       0x84 binaries/fgets.o
                0x0000000081007b68                fgets
 .text          0x0000000081007bec       0x3c binaries/fprintf.o
                0x0000000081007bec                fprintf
 .text          0x0000000081007c28       0x24 binaries/fputc.o
                0x0000000081007c28                fputc
 .text          0x0000000081007c4c       0x38 binaries/fputs.o
                0x0000000081007c4c                fputs
 .text          0x0000000081007c84       0x78 binaries/fscanf.o
                0x0000000081007cb8                fscanf
 .text          0x0000000081007cfc       0x2c binaries/getchar.o
                0x0000000081007cfc                getchar
 .text          0x0000000081007d28        0xc binaries/labs.o
                0x0000000081007d28                labs
 .text          0x0000000081007d34       0x40 binaries/memchr.o
                0x0000000081007d34                memchr
 .text          0x0000000081007d74       0x58 binaries/memcmp.o
                0x0000000081007d74                memcmp
 .text          0x0000000081007dcc       0x24 binaries/memcpy.o
                0x0000000081007dcc                memcpy
 .text          0x0000000081007df0       0x20 binaries/memset.o
                0x0000000081007df0                memset
 .text          0x0000000081007e10       0x58 binaries/printf.o
                0x0000000081007e10                printf
 .text          0x0000000081007e68       0x2c binaries/putchar.o
                0x0000000081007e68                putchar
 .text          0x0000000081007e94      0x238 binaries/qsort.o
                0x00000000810080ac                qsort
 .text          0x00000000810080cc       0x38 binaries/rand.o
                0x00000000810080cc                srand
                0x00000000810080dc                rand
 .text          0x0000000081008104       0x68 binaries/sprintf.o
                0x000000008100811c                sprintf
 .text          0x000000008100816c       0x78 binaries/sscanf.o
                0x00000000810081a0                sscanf
 .text          0x00000000810081e4       0x40 binaries/strchr.o
                0x00000000810081e4                strchr
 .text          0x0000000081008224       0x54 binaries/strcmp.o
                0x0000000081008224                strcmp
 .text          0x0000000081008278       0x1c binaries/strcpy.o
                0x0000000081008278                strcpy
 .text          0x0000000081008294       0x30 binaries/strlen.o
                0x0000000081008294                strlen
 .text          0x00000000810082c4       0x50 binaries/strncat.o
                0x00000000810082c4                strncat
 .text          0x0000000081008314       0x50 binaries/strncmp.o
                0x0000000081008314                strncmp
 .text          0x0000000081008364       0x80 binaries/strncpy.o
                0x0000000081008364                strncpy
 .text          0x00000000810083e4       0x50 binaries/strnlen.o
                0x00000000810083e4                strnlen
 .text          0x0000000081008434       0x40 binaries/strrchr.o
                0x0000000081008434                strrchr
 .text          0x0000000081008474       0xb0 binaries/strstr.o
                0x0000000081008474                strstr
 .text          0x0000000081008524      0x154 binaries/ttycontrol.o
                0x0000000081008524                ttycontrol
 .text          0x0000000081008678       0xc8 binaries/ttygetc.o
                0x0000000081008678                ttygetc
 .text          0x0000000081008740      0x4d4 binaries/ttyhandle_in.o
                0x000000008100880c                ttyhandle_in
 .text          0x0000000081008c14      0x16c binaries/ttyhandle_out.o
                0x0000000081008c14                ttyhandle_out
 .text          0x0000000081008d80       0xcc binaries/ttyhandler.o
                0x0000000081008d80                ttyhandler
 .text          0x0000000081008e4c      0x144 binaries/ttyinit.o
                0x0000000081008e4c                ttyinit
 .text          0x0000000081008f90        0xc binaries/ttykickout.o
                0x0000000081008f90                ttykickout
 .text          0x0000000081008f9c       0x9c binaries/ttyputc.o
                0x0000000081008f9c                ttyputc
 .text          0x0000000081009038      0x134 binaries/ttyread.o
                0x0000000081009038                ttyread
 .text          0x000000008100916c       0x48 binaries/ttywrite.o
                0x000000008100916c                ttywrite
 .text          0x00000000810091b4      0x160 binaries/mount.o
                0x00000000810091b4                namlen
                0x000000008100920c                mount
 .text          0x0000000081009314      0x1c0 binaries/naminit.o
                0x0000000081009314                naminit
 .text          0x00000000810094d4      0x24c binaries/nammap.o
                0x00000000810094d4                namrepl
                0x0000000081009624                namcpy
                0x0000000081009680                nammap
 .text          0x0000000081009720       0x40 binaries/namopen.o
                0x0000000081009720                namopen
 .text          0x0000000081009760      0x108 binaries/colon2mac.o
                0x0000000081009760                colon2mac
 .text          0x0000000081009868       0x44 binaries/ethcontrol.o
                0x0000000081009868                ethcontrol
 .text          0x00000000810098ac      0x178 binaries/ethhandler.o
                0x00000000810098ac                ethhandler
 .text          0x0000000081009a24      0x7f8 binaries/ethinit.o
                0x0000000081009a24                eth_phy_read
                0x0000000081009a88                eth_phy_write
                0x0000000081009ad0                eth_phy_reset
                0x0000000081009c30                ethinit
 .text          0x000000008100a21c       0xf8 binaries/ethread.o
                0x000000008100a21c                ethread
 .text          0x000000008100a314       0xf8 binaries/ethwrite.o
                0x000000008100a314                ethwrite
 .text          0x000000008100a40c       0x88 binaries/rdsbufalloc.o
                0x000000008100a40c                rdsbufalloc
 .text          0x000000008100a494       0xe8 binaries/rdsclose.o
                0x000000008100a494                rdsclose
 .text          0x000000008100a57c      0x1e8 binaries/rdscomm.o
                0x000000008100a57c                rdscomm
 .text          0x000000008100a764      0x1b0 binaries/rdscontrol.o
                0x000000008100a764                rdscontrol
 .text          0x000000008100a914      0x1e0 binaries/rdsinit.o
                0x000000008100a914                rdsinit
 .text          0x000000008100aaf4      0x1a0 binaries/rdsopen.o
                0x000000008100aaf4                rdsopen
 .text          0x000000008100ac94      0x2d4 binaries/rdsprocess.o
                0x000000008100ac94                rdsprocess
 .text          0x000000008100af68      0x240 binaries/rdsread.o
                0x000000008100af68                rdsread
 .text          0x000000008100b1a8      0x1d0 binaries/rdswrite.o
                0x000000008100b1a8                rdswrite
 .text          0x000000008100b378        0x8 binaries/ramclose.o
                0x000000008100b378                ramclose
 .text          0x000000008100b380       0x3c binaries/raminit.o
                0x000000008100b380                raminit
 .text          0x000000008100b3bc        0x8 binaries/ramopen.o
                0x000000008100b3bc                ramopen
 .text          0x000000008100b3c4       0x24 binaries/ramread.o
                0x000000008100b3c4                ramread
 .text          0x000000008100b3e8       0x20 binaries/ramwrite.o
                0x000000008100b3e8                ramwrite
 .text          0x000000008100b408       0x94 binaries/lfdballoc.o
                0x000000008100b408                lfdballoc
 .text          0x000000008100b49c       0x4c binaries/lfdbfree.o
                0x000000008100b49c                lfdbfree
 .text          0x000000008100b4e8       0xb8 binaries/lfflush.o
                0x000000008100b4e8                lfflush
 .text          0x000000008100b5a0       0xc8 binaries/lfgetmode.o
                0x000000008100b5a0                lfgetmode
 .text          0x000000008100b668       0x6c binaries/lfiballoc.o
                0x000000008100b668                lfiballoc
 .text          0x000000008100b6d4       0x28 binaries/lfibclear.o
                0x000000008100b6d4                lfibclear
 .text          0x000000008100b6fc       0x64 binaries/lfibget.o
                0x000000008100b6fc                lfibget
 .text          0x000000008100b760       0x90 binaries/lfibput.o
                0x000000008100b760                lfibput
 .text          0x000000008100b7f0       0xc4 binaries/lflclose.o
                0x000000008100b7f0                lflclose
 .text          0x000000008100b8b4       0xc8 binaries/lflcontrol.o
                0x000000008100b8b4                lflcontrol
 .text          0x000000008100b97c      0x10c binaries/lflgetc.o
                0x000000008100b97c                lflgetc
 .text          0x000000008100ba88       0xd0 binaries/lflinit.o
                0x000000008100ba88                lflinit
 .text          0x000000008100bb58      0x14c binaries/lflputc.o
                0x000000008100bb58                lflputc
 .text          0x000000008100bca4       0x70 binaries/lflread.o
                0x000000008100bca4                lflread
 .text          0x000000008100bd14       0xc0 binaries/lflseek.o
                0x000000008100bd14                lflseek
 .text          0x000000008100bdd4       0x50 binaries/lflwrite.o
                0x000000008100bdd4                lflwrite
 .text          0x000000008100be24      0x11c binaries/lfsckfmt.o
                0x000000008100be24                lfsckfmt
 .text          0x000000008100bf40      0x15c binaries/lfscreate.o
                0x000000008100bf40                lfscreate
 .text          0x000000008100c09c      0x1f0 binaries/lfsetup.o
                0x000000008100c09c                lfsetup
 .text          0x000000008100c28c       0x44 binaries/lfsinit.o
                0x000000008100c28c                lfsinit
 .text          0x000000008100c2d0      0x378 binaries/lfsopen.o
                0x000000008100c2d0                lfsopen
 .text          0x000000008100c648      0x110 binaries/lftruncate.o
                0x000000008100c648                lftruncate
 .text          0x000000008100c758       0x7c binaries/rflclose.o
                0x000000008100c758                rflclose
 .text          0x000000008100c7d4       0x28 binaries/rflgetc.o
                0x000000008100c7d4                rflgetc
 .text          0x000000008100c7fc       0x88 binaries/rflinit.o
                0x000000008100c7fc                rflinit
 .text          0x000000008100c884       0x2c binaries/rflputc.o
                0x000000008100c884                rflputc
 .text          0x000000008100c8b0      0x2c4 binaries/rflread.o
                0x000000008100c8b0                rflread
 .text          0x000000008100cb74       0x7c binaries/rflseek.o
                0x000000008100cb74                rflseek
 .text          0x000000008100cbf0      0x2e0 binaries/rflwrite.o
                0x000000008100cbf0                rflwrite
 .text          0x000000008100ced0      0x198 binaries/rfscomm.o
                0x000000008100ced0                rfscomm
 .text          0x000000008100d068      0x224 binaries/rfscontrol.o
                0x000000008100d068                rfscontrol
 .text          0x000000008100d28c       0xc8 binaries/rfsgetmode.o
                0x000000008100d28c                rfsgetmode
 .text          0x000000008100d354       0x84 binaries/rfsinit.o
                0x000000008100d354                rfsinit
 .text          0x000000008100d3d8       0x98 binaries/rfsndmsg.o
                0x000000008100d3d8                rfsndmsg
 .text          0x000000008100d470      0x238 binaries/rfsopen.o
                0x000000008100d470                rfsopen
 .text          0x000000008100d6a8      0x828 binaries/arp.o
                0x000000008100d6a8                arp_init
                0x000000008100d6c8                arp_free
                0x000000008100d708                arp_alloc
                0x000000008100d7e0                arp_ntoh
                0x000000008100d884                arp_hton
                0x000000008100d928                arp_resolve
                0x000000008100dbc0                arp_in
 .text          0x000000008100ded0      0xd78 binaries/dhcp.o
                0x000000008100ded0                dump_dhcp_msg
                0x000000008100e4f4                get_dhcp_option_value
                0x000000008100e550                build_dhcp_discover
                0x000000008100e67c                build_dhcp_request
                0x000000008100e828                getlocalip_boot
                0x000000008100ec30                getlocalip
 .text          0x000000008100ec48      0x414 binaries/dns.o
                0x000000008100ec48                dns_bldq
                0x000000008100ecf4                dns_getrname
                0x000000008100edb8                dns_geta
                0x000000008100eee8                dns_qa
 .text          0x000000008100f05c      0x108 binaries/dot2ip.o
                0x000000008100f05c                dot2ip
 .text          0x000000008100f164      0x328 binaries/hexdump.o
                0x000000008100f164                hexdump
                0x000000008100f2b0                hexadump
 .text          0x000000008100f48c      0x71c binaries/icmp.o
                0x000000008100f48c                icmp_init
                0x000000008100f4b0                icmp_register
                0x000000008100f570                icmp_recv
                0x000000008100f710                icmp_mkpkt
                0x000000008100f800                icmp_in
                0x000000008100f98c                icmp_send
                0x000000008100f9fc                icmp_release
                0x000000008100fae4                icmp_cksum
                0x000000008100fb40                icmp_hton
                0x000000008100fb74                icmp_ntoh
 .text          0x000000008100fba8      0x688 binaries/ip.o
                0x000000008100fba8                ip_local
                0x000000008100fbd8                ipcksum
                0x000000008100fc1c                ip_ntoh
                0x000000008100fcc0                ip_in
                0x000000008100fdf0                ip_hton
                0x000000008100fe94                ip_out
                0x000000008100ff48                ip_send
                0x0000000081010078                ipout
                0x0000000081010194                ip_enqueue
 .text          0x0000000081010230      0x1c4 binaries/net.o
                0x0000000081010230                net_init
                0x0000000081010328                eth_hton
                0x000000008101033c                eth_ntoh
                0x0000000081010350                netin
 .text          0x00000000810103f4       0xf8 binaries/netstart.o
                0x00000000810103f4                netstart
 .text          0x00000000810104ec      0x9dc binaries/pdump.o
                0x00000000810104ec                pdump
                0x0000000081010a78                pdumph
 .text          0x0000000081010ec8      0x580 binaries/tftp.o
                0x0000000081010ec8                tftp_send1
                0x0000000081010fb4                tftpget_mb
                0x0000000081011414                tftpget
 .text          0x0000000081011448      0xa48 binaries/udp.o
                0x0000000081011448                udp_init
                0x000000008101148c                udp_in
                0x00000000810115cc                udp_register
                0x00000000810116d0                udp_recv
                0x000000008101186c                udp_recvaddr
                0x0000000081011a24                udp_send
                0x0000000081011bcc                udp_sendto
                0x0000000081011d38                udp_release
                0x0000000081011e28                udp_ntoh
                0x0000000081011e5c                udp_hton
 .text          0x0000000081011e90      0x13c binaries/addargs.o
                0x0000000081011e90                addargs
 .text          0x0000000081011fcc      0x28c binaries/lexan.o
                0x0000000081011fcc                lexan
 .text          0x0000000081012258      0x68c binaries/shell.o
                0x0000000081012258                shell
 .text          0x00000000810128e4       0x64 binaries/xsh_argecho.o
                0x00000000810128e4                xsh_argecho
 .text          0x0000000081012948      0x1c8 binaries/xsh_arp.o
                0x0000000081012948                xsh_arp
 .text          0x0000000081012b10      0x234 binaries/xsh_cat.o
                0x0000000081012b10                xsh_cat
 .text          0x0000000081012d44       0x5c binaries/xsh_clear.o
                0x0000000081012d44                xsh_clear
 .text          0x0000000081012da0      0x5f0 binaries/xsh_cliver.o
                0x0000000081012da0                checkArgs
                0x0000000081012e20                showUsage
                0x0000000081012e7c                xsh_cliver
 .text          0x0000000081013390      0x29c binaries/xsh_date.o
                0x0000000081013390                xsh_date
 .text          0x000000008101362c       0x98 binaries/xsh_devdump.o
                0x000000008101362c                xsh_devdump
 .text          0x00000000810136c4       0x68 binaries/xsh_echo.o
                0x00000000810136c4                xsh_echo
 .text          0x000000008101372c        0x8 binaries/xsh_exit.o
                0x000000008101372c                xsh_exit
 .text          0x0000000081013734      0x3b0 binaries/xsh_fstest.o
                0x0000000081013734                clean_up
                0x000000008101375c                xsh_fstest
 .text          0x0000000081013ae4      0x12c binaries/xsh_hello.o
                0x0000000081013ae4                xsh_hello
 .text          0x0000000081013c10      0x3b8 binaries/xsh_help.o
                0x0000000081013c10                xsh_help
 .text          0x0000000081013fc8      0x354 binaries/xsh_ipaddr.o
                0x0000000081013fc8                xsh_ipaddr
 .text          0x000000008101431c      0x1fc binaries/xsh_kill.o
                0x000000008101431c                xsh_kill
 .text          0x0000000081014518      0x2ac binaries/xsh_led.o
                0x0000000081014518                xsh_led
 .text          0x00000000810147c4      0x434 binaries/xsh_memdump.o
                0x00000000810148b8                xsh_memdump
 .text          0x0000000081014bf8      0x224 binaries/xsh_memstat.o
                0x0000000081014bf8                xsh_memstat
 .text          0x0000000081014e1c      0x3b8 binaries/xsh_ping.o
                0x0000000081014e1c                xsh_ping
 .text          0x00000000810151d4      0x764 binaries/xsh_prodcons.o
                0x00000000810151d4                checkInt
                0x0000000081015254                showHelp
                0x00000000810152b0                xsh_prodcons
 .text          0x0000000081015938      0x220 binaries/xsh_ps.o
                0x0000000081015938                xsh_ps
 .text          0x0000000081015b58       0x98 binaries/xsh_reset.o
                0x0000000081015b58                xsh_reset
 .text          0x0000000081015bf0      0x1d4 binaries/xsh_sleep.o
                0x0000000081015bf0                xsh_sleep
 .text          0x0000000081015dc4      0x244 binaries/xsh_udpdump.o
                0x0000000081015dc4                xsh_udpdump
 .text          0x0000000081016008      0x3fc binaries/xsh_udpecho.o
                0x0000000081016008                xsh_udpecho
 .text          0x0000000081016404      0x250 binaries/xsh_udpeserver.o
                0x0000000081016404                xsh_udpeserver
 .text          0x0000000081016654      0x1b4 binaries/xsh_uptime.o
                0x0000000081016654                xsh_uptime
 .text          0x0000000081016808      0x1bc binaries/cliver_produce.o
                0x0000000081016808                cliver_produce
 .text          0x00000000810169c4       0x88 binaries/consume.o
                0x00000000810169c4                consumer
 .text          0x0000000081016a4c       0x38 binaries/future_cons.o
                0x0000000081016a4c                future_cons
 .text          0x0000000081016a84       0x74 binaries/future_prod.o
                0x0000000081016a84                future_prod
 .text          0x0000000081016af8       0x70 binaries/produce.o
                0x0000000081016af8                producer
 .text          0x0000000081016b68       0x2c binaries/ctxsw.o
                0x0000000081016b68                ctxsw
 .text          0x0000000081016b94      0x100 binaries/intr.o
                0x0000000081016b94                disable
                0x0000000081016ba0                restore
                0x0000000081016bc4                enable
                0x0000000081016bcc                pause
                0x0000000081016bcc                halt
                0x0000000081016bd4                irq_except
                0x0000000081016c04                initevec
                0x0000000081016c64                expjmpinstr
 .text          0x0000000081016c94      0x114 /usr/lib/gcc/arm-none-eabi/4.9.3/libgcc.a(_udivsi3.o)
                0x0000000081016c94                __udivsi3
                0x0000000081016c94                __aeabi_uidiv
                0x0000000081016d88                __aeabi_uidivmod
 .text          0x0000000081016da8      0x148 /usr/lib/gcc/arm-none-eabi/4.9.3/libgcc.a(_divsi3.o)
                0x0000000081016da8                __aeabi_idiv
                0x0000000081016da8                __divsi3
                0x0000000081016ed0                __aeabi_idivmod
 .text          0x0000000081016ef0        0x4 /usr/lib/gcc/arm-none-eabi/4.9.3/libgcc.a(_dvmd_tls.o)
                0x0000000081016ef0                __aeabi_ldiv0
                0x0000000081016ef0                __aeabi_idiv0
 *(.rodata .rodata.*)
 .rodata.str1.4
                0x0000000081016ef4       0x78 binaries/ascdate.o
 .rodata.str1.4
                0x0000000081016f6c       0x50 binaries/bs.o
 .rodata.str1.4
                0x0000000081016fbc       0xcb binaries/conf.o
 *fill*         0x0000000081017087        0x1 
 .rodata.str1.4
                0x0000000081017088      0x4c8 binaries/fs.o
                                        0x4e4 (size before relaxing)
 .rodata.str1.4
                0x0000000081017550       0x29 binaries/fs_create.o
                                        0x108 (size before relaxing)
 .rodata.str1.4
                0x0000000000000000       0xd0 binaries/fs_open.o
 .rodata.str1.4
                0x0000000000000000       0xd7 binaries/fs_write.o
 *fill*         0x0000000081017579        0x3 
 .rodata.str1.4
                0x000000008101757c       0x17 binaries/fut_queue.o
                                         0x1b (size before relaxing)
 *fill*         0x0000000081017593        0x1 
 .rodata.str1.4
                0x0000000081017594       0x34 binaries/future_alloc.o
 .rodata.str1.4
                0x00000000810175c8       0x5c binaries/future_get.o
                                         0x60 (size before relaxing)
 .rodata.str1.4
                0x0000000081017624       0x45 binaries/future_set.o
                                         0x61 (size before relaxing)
 *fill*         0x0000000081017669        0x3 
 .rodata.str1.4
                0x000000008101766c       0x60 binaries/getutime.o
 .rodata.str1.4
                0x00000000810176cc      0x16c binaries/initialize.o
                                        0x170 (size before relaxing)
 .rodata.str1.4
                0x0000000081017838       0x42 binaries/main.o
 *fill*         0x000000008101787a        0x2 
 .rodata.str1.4
                0x000000008101787c       0x10 binaries/panic.o
 .rodata.str1.4
                0x000000008101788c       0x1c binaries/ptinit.o
 .rodata.str1.4
                0x00000000810178a8       0x25 binaries/ptsend.o
 *fill*         0x00000000810178cd        0x3 
 .rodata.str1.4
                0x00000000810178d0       0x27 binaries/xdone.o
 *fill*         0x00000000810178f7        0x1 
 .rodata        0x00000000810178f8       0x81 binaries/ctype_.o
                0x00000000810178f8                _ctype_
 *fill*         0x0000000081017979        0x3 
 .rodata.str1.4
                0x000000008101797c       0x2f binaries/doprnt.o
 .rodata.str1.4
                0x0000000000000000       0x2d binaries/fdoprnt.o
 *fill*         0x00000000810179ab        0x1 
 .rodata.str1.4
                0x00000000810179ac       0x86 binaries/naminit.o
                                         0x8e (size before relaxing)
 *fill*         0x0000000081017a32        0x2 
 .rodata.str1.4
                0x0000000081017a34       0xe5 binaries/ethinit.o
 *fill*         0x0000000081017b19        0x3 
 .rodata.str1.4
                0x0000000081017b1c       0x12 binaries/ethread.o
 *fill*         0x0000000081017b2e        0x2 
 .rodata.str1.4
                0x0000000081017b30       0x2c binaries/rdsbufalloc.o
 .rodata.str1.4
                0x0000000081017b5c       0x76 binaries/rdscomm.o
 *fill*         0x0000000081017bd2        0x2 
 .rodata.str1.4
                0x0000000081017bd4       0x48 binaries/rdscontrol.o
 .rodata.str1.4
                0x0000000081017c1c       0x96 binaries/rdsinit.o
 *fill*         0x0000000081017cb2        0x2 
 .rodata.str1.4
                0x0000000081017cb4       0x22 binaries/rdsopen.o
 *fill*         0x0000000081017cd6        0x2 
 .rodata.str1.4
                0x0000000081017cd8       0x4d binaries/rdsprocess.o
 *fill*         0x0000000081017d25        0x3 
 .rodata.str1.4
                0x0000000081017d28        0x9 binaries/raminit.o
 *fill*         0x0000000081017d31        0x3 
 .rodata.str1.4
                0x0000000081017d34       0x37 binaries/lfdballoc.o
 *fill*         0x0000000081017d6b        0x1 
 .rodata.str1.4
                0x0000000081017d6c       0x14 binaries/lfiballoc.o
 .rodata.str1.4
                0x0000000081017d80       0x23 binaries/lflcontrol.o
 *fill*         0x0000000081017da3        0x1 
 .rodata.str1.4
                0x0000000081017da4       0xbb binaries/lfsckfmt.o
 *fill*         0x0000000081017e5f        0x1 
 .rodata.str1.4
                0x0000000081017e60       0x21 binaries/rflread.o
 .rodata.str1.4
                0x0000000000000000       0x21 binaries/rflwrite.o
 *fill*         0x0000000081017e81        0x3 
 .rodata.str1.4
                0x0000000081017e84       0x75 binaries/rfscomm.o
 *fill*         0x0000000081017ef9        0x3 
 .rodata.str1.4
                0x0000000081017efc       0x23 binaries/rfscontrol.o
 *fill*         0x0000000081017f1f        0x1 
 .rodata.str1.4
                0x0000000081017f20       0x63 binaries/rfsinit.o
 *fill*         0x0000000081017f83        0x1 
 .rodata.str1.4
                0x0000000081017f84       0x2a binaries/rfsndmsg.o
 .rodata.str1.4
                0x0000000000000000       0x22 binaries/rfsopen.o
 *fill*         0x0000000081017fae        0x2 
 .rodata.str1.4
                0x0000000081017fb0       0x51 binaries/arp.o
 *fill*         0x0000000081018001        0x3 
 .rodata.str1.4
                0x0000000081018004      0x462 binaries/dhcp.o
                                        0x466 (size before relaxing)
 *fill*         0x0000000081018466        0x2 
 .rodata.str1.4
                0x0000000081018468       0xca binaries/hexdump.o
                                         0xd6 (size before relaxing)
 *fill*         0x0000000081018532        0x2 
 .rodata.str1.4
                0x0000000081018534       0x29 binaries/icmp.o
 *fill*         0x000000008101855d        0x3 
 .rodata.str1.4
                0x0000000081018560       0x76 binaries/ip.o
 *fill*         0x00000000810185d6        0x2 
 .rodata.str1.4
                0x00000000810185d8       0x53 binaries/net.o
 *fill*         0x000000008101862b        0x1 
 .rodata.str1.4
                0x000000008101862c       0x8f binaries/netstart.o
 *fill*         0x00000000810186bb        0x1 
 .rodata.str1.4
                0x00000000810186bc      0x292 binaries/pdump.o
                                        0x296 (size before relaxing)
 *fill*         0x000000008101894e        0x2 
 .rodata.str1.4
                0x0000000081018950      0x174 binaries/tftp.o
                                        0x17c (size before relaxing)
 .rodata.str1.4
                0x0000000081018ac4       0x25 binaries/udp.o
 *fill*         0x0000000081018ae9        0x3 
 .rodata        0x0000000081018aec      0x138 binaries/shell.o
                0x0000000081018aec                cmdtab
 .rodata.str1.4
                0x0000000081018c24      0x317 binaries/shell.o
                                        0x31f (size before relaxing)
 *fill*         0x0000000081018f3b        0x1 
 .rodata.str1.4
                0x0000000081018f3c       0x29 binaries/xsh_argecho.o
                                         0x2e (size before relaxing)
 *fill*         0x0000000081018f65        0x3 
 .rodata.str1.4
                0x0000000081018f68      0x13e binaries/xsh_arp.o
                                        0x142 (size before relaxing)
 *fill*         0x00000000810190a6        0x2 
 .rodata.str1.4
                0x00000000810190a8       0x81 binaries/xsh_cat.o
                                         0xd1 (size before relaxing)
 *fill*         0x0000000081019129        0x3 
 .rodata.str1.4
                0x000000008101912c       0x15 binaries/xsh_clear.o
 *fill*         0x0000000081019141        0x3 
 .rodata.str1.4
                0x0000000081019144      0x259 binaries/xsh_cliver.o
                                        0x269 (size before relaxing)
 *fill*         0x000000008101939d        0x3 
 .rodata.str1.4
                0x00000000810193a0      0x1af binaries/xsh_date.o
                                        0x1cb (size before relaxing)
 *fill*         0x000000008101954f        0x1 
 .rodata.str1.4
                0x0000000081019550       0x61 binaries/xsh_devdump.o
 *fill*         0x00000000810195b1        0x3 
 .rodata.str1.4
                0x00000000810195b4        0x8 binaries/xsh_echo.o
                                          0xa (size before relaxing)
 .rodata.str1.4
                0x00000000810195bc      0x11e binaries/xsh_fstest.o
                                        0x1a6 (size before relaxing)
 *fill*         0x00000000810196da        0x2 
 .rodata.str1.4
                0x00000000810196dc       0xbe binaries/xsh_hello.o
                                         0xd6 (size before relaxing)
 *fill*         0x000000008101979a        0x2 
 .rodata.str1.4
                0x000000008101979c       0xe7 binaries/xsh_help.o
                                        0x17a (size before relaxing)
 *fill*         0x0000000081019883        0x1 
 .rodata.str1.4
                0x0000000081019884       0xfb binaries/xsh_ipaddr.o
                                        0x1ab (size before relaxing)
 *fill*         0x000000008101997f        0x1 
 .rodata.str1.4
                0x0000000081019980       0xc8 binaries/xsh_kill.o
                                        0x136 (size before relaxing)
 .rodata.str1.4
                0x0000000081019a48       0xf7 binaries/xsh_led.o
                                        0x16b (size before relaxing)
 *fill*         0x0000000081019b3f        0x1 
 .rodata.str1.4
                0x0000000081019b40      0x1ca binaries/xsh_memdump.o
                                        0x262 (size before relaxing)
 *fill*         0x0000000081019d0a        0x2 
 .rodata.str1.4
                0x0000000081019d0c      0x1cc binaries/xsh_memstat.o
                                        0x232 (size before relaxing)
 .rodata.str1.4
                0x0000000081019ed8      0x13f binaries/xsh_ping.o
                                        0x1b2 (size before relaxing)
 *fill*         0x000000008101a017        0x1 
 .rodata.str1.4
                0x000000008101a018      0x1dd binaries/xsh_prodcons.o
                                        0x267 (size before relaxing)
 *fill*         0x000000008101a1f5        0x3 
 .rodata        0x000000008101a1f8       0x20 binaries/xsh_ps.o
 .rodata.str1.4
                0x000000008101a218      0x11a binaries/xsh_ps.o
                                        0x1d2 (size before relaxing)
 *fill*         0x000000008101a332        0x2 
 .rodata.str1.4
                0x000000008101a334        0x9 binaries/xsh_reset.o
                                         0x29 (size before relaxing)
 *fill*         0x000000008101a33d        0x3 
 .rodata.str1.4
                0x000000008101a340       0x5e binaries/xsh_sleep.o
                                         0xf6 (size before relaxing)
 *fill*         0x000000008101a39e        0x2 
 .rodata        0x000000008101a3a0        0xc binaries/xsh_udpdump.o
 .rodata.str1.4
                0x000000008101a3ac      0x122 binaries/xsh_udpdump.o
                                        0x1de (size before relaxing)
 *fill*         0x000000008101a4ce        0x2 
 .rodata.str1.4
                0x000000008101a4d0      0x1ae binaries/xsh_udpecho.o
                                        0x222 (size before relaxing)
 *fill*         0x000000008101a67e        0x2 
 .rodata.str1.4
                0x000000008101a680       0x97 binaries/xsh_udpeserver.o
                                        0x13b (size before relaxing)
 *fill*         0x000000008101a717        0x1 
 .rodata.str1.4
                0x000000008101a718       0x77 binaries/xsh_uptime.o
                                        0x112 (size before relaxing)
 *fill*         0x000000008101a78f        0x1 
 .rodata.str1.4
                0x000000008101a790      0x101 binaries/cliver_produce.o
 *fill*         0x000000008101a891        0x3 
 .rodata.str1.4
                0x000000008101a894       0x21 binaries/consume.o
 *fill*         0x000000008101a8b5        0x3 
 .rodata.str1.4
                0x000000008101a8b8       0x13 binaries/future_cons.o
 .rodata.str1.4
                0x0000000000000000       0x23 binaries/future_prod.o
 *fill*         0x000000008101a8cb        0x1 
 .rodata.str1.4
                0x000000008101a8cc       0x24 binaries/produce.o
                                         0x21 (size before relaxing)
                0x000000008101a8f0                etext = ABSOLUTE (.)
                0x000000008101b000                . = ALIGN (0x1000)
 *fill*         0x000000008101a8f0      0x710 

.glue_7         0x000000008101b000        0x0
 .glue_7        0x0000000000000000        0x0 linker stubs

.glue_7t        0x000000008101b000        0x0
 .glue_7t       0x0000000000000000        0x0 linker stubs

.vfp11_veneer   0x000000008101b000        0x0
 .vfp11_veneer  0x0000000000000000        0x0 linker stubs

.v4_bx          0x000000008101b000        0x0
 .v4_bx         0x0000000000000000        0x0 linker stubs

.iplt           0x000000008101b000        0x0
 .iplt          0x0000000000000000        0x0 binaries/start.o

.rel.dyn        0x000000008101b000        0x0
 .rel.iplt      0x0000000000000000        0x0 binaries/start.o

.data           0x000000008101b000     0x1000
                0x000000008101b000                data = ABSOLUTE (.)
 *(.data .data.*)
 .data          0x000000008101b000        0x0 binaries/start.o
 .data          0x000000008101b000       0x88 binaries/ascdate.o
                0x000000008101b000                Date
 .data          0x000000008101b088        0x0 binaries/bs.o
 .data          0x000000008101b088        0x0 binaries/bufinit.o
 .data          0x000000008101b088        0x0 binaries/chprio.o
 .data          0x000000008101b088        0x4 binaries/clkhandler.o
 .data          0x000000008101b08c        0x0 binaries/clkinit.o
 .data          0x000000008101b08c        0x0 binaries/close.o
 .data          0x000000008101b08c      0x5a0 binaries/conf.o
                0x000000008101b08c                devtab
 .data          0x000000008101b62c        0x0 binaries/control.o
 .data          0x000000008101b62c        0x4 binaries/create.o
 .data          0x000000008101b630       0x3d binaries/evec.o
                0x000000008101b630                expmsg2
                0x000000008101b644                expmsg1
 .data          0x000000008101b66d        0x0 binaries/exit.o
 .data          0x000000008101b66d        0x0 binaries/freebuf.o
 .data          0x000000008101b66d        0x0 binaries/freemem.o
 .data          0x000000008101b66d        0x0 binaries/fs.o
 .data          0x000000008101b66d        0x0 binaries/fs_create.o
 .data          0x000000008101b66d        0x0 binaries/fs_init.o
 .data          0x000000008101b66d        0x0 binaries/fs_open.o
 .data          0x000000008101b66d        0x0 binaries/fs_write.o
 .data          0x000000008101b66d        0x0 binaries/fut_queue.o
 .data          0x000000008101b66d        0x0 binaries/future_alloc.o
 .data          0x000000008101b66d        0x0 binaries/future_free.o
 .data          0x000000008101b66d        0x0 binaries/future_get.o
 .data          0x000000008101b66d        0x0 binaries/future_set.o
 .data          0x000000008101b66d        0x0 binaries/getbuf.o
 .data          0x000000008101b66d        0x0 binaries/getc.o
 .data          0x000000008101b66d        0x0 binaries/getdev.o
 .data          0x000000008101b66d        0x0 binaries/getitem.o
 .data          0x000000008101b66d        0x0 binaries/getmem.o
 .data          0x000000008101b66d        0x0 binaries/getpid.o
 .data          0x000000008101b66d        0x0 binaries/getprio.o
 .data          0x000000008101b66d        0x0 binaries/getstk.o
 .data          0x000000008101b66d        0x0 binaries/gettime.o
 .data          0x000000008101b66d        0x0 binaries/getutime.o
 .data          0x000000008101b66d        0x0 binaries/init.o
 .data          0x000000008101b66d        0x0 binaries/initialize.o
 .data          0x000000008101b66d        0x0 binaries/initQ.o
 .data          0x000000008101b66d        0x0 binaries/insert.o
 .data          0x000000008101b66d        0x0 binaries/insertd.o
 .data          0x000000008101b66d        0x0 binaries/ioerr.o
 .data          0x000000008101b66d        0x0 binaries/ionull.o
 .data          0x000000008101b66d        0x0 binaries/kill.o
 .data          0x000000008101b66d        0x0 binaries/kprintf.o
 *fill*         0x000000008101b66d        0x3 
 .data          0x000000008101b670        0x4 binaries/main.o
                0x000000008101b670                gcounter
 .data          0x000000008101b674        0x0 binaries/mark.o
 .data          0x000000008101b674        0x0 binaries/meminit.o
 .data          0x000000008101b674        0x0 binaries/mkbufpool.o
 .data          0x000000008101b674        0x2 binaries/newqueue.o
 .data          0x000000008101b676        0x0 binaries/open.o
 .data          0x000000008101b676        0x0 binaries/panic.o
 .data          0x000000008101b676        0x0 binaries/platinit.o
 .data          0x000000008101b676        0x0 binaries/ptclear.o
 .data          0x000000008101b676        0x0 binaries/ptcount.o
 .data          0x000000008101b676        0x0 binaries/ptcreate.o
 .data          0x000000008101b676        0x0 binaries/ptdelete.o
 .data          0x000000008101b676        0x0 binaries/ptinit.o
 .data          0x000000008101b676        0x0 binaries/ptrecv.o
 .data          0x000000008101b676        0x0 binaries/ptreset.o
 .data          0x000000008101b676        0x0 binaries/ptsend.o
 .data          0x000000008101b676        0x0 binaries/putc.o
 .data          0x000000008101b676        0x0 binaries/queue.o
 .data          0x000000008101b676        0x0 binaries/read.o
 .data          0x000000008101b676        0x0 binaries/ready.o
 .data          0x000000008101b676        0x0 binaries/receive.o
 .data          0x000000008101b676        0x0 binaries/recvclr.o
 .data          0x000000008101b676        0x0 binaries/recvtime.o
 .data          0x000000008101b676        0x0 binaries/resched.o
 .data          0x000000008101b676        0x0 binaries/resume.o
 .data          0x000000008101b676        0x0 binaries/seek.o
 .data          0x000000008101b676        0x0 binaries/semcount.o
 .data          0x000000008101b676        0x0 binaries/semcreate.o
 .data          0x000000008101b676        0x0 binaries/semdelete.o
 .data          0x000000008101b676        0x0 binaries/semreset.o
 .data          0x000000008101b676        0x0 binaries/send.o
 .data          0x000000008101b676        0x0 binaries/signal.o
 .data          0x000000008101b676        0x0 binaries/signaln.o
 .data          0x000000008101b676        0x0 binaries/sleep.o
 .data          0x000000008101b676        0x0 binaries/slot_queue.o
 .data          0x000000008101b676        0x0 binaries/suspend.o
 .data          0x000000008101b676        0x0 binaries/unsleep.o
 .data          0x000000008101b676        0x0 binaries/userret.o
 .data          0x000000008101b676        0x0 binaries/wait.o
 .data          0x000000008101b676        0x0 binaries/wakeup.o
 .data          0x000000008101b676        0x0 binaries/write.o
 .data          0x000000008101b676        0x0 binaries/xdone.o
 .data          0x000000008101b676        0x0 binaries/yield.o
 .data          0x000000008101b676        0x0 binaries/abs.o
 .data          0x000000008101b676        0x0 binaries/atoi.o
 .data          0x000000008101b676        0x0 binaries/atol.o
 .data          0x000000008101b676        0x0 binaries/bzero.o
 .data          0x000000008101b676        0x0 binaries/ctype_.o
 .data          0x000000008101b676        0x0 binaries/doprnt.o
 *fill*         0x000000008101b676        0x2 
 .data          0x000000008101b678       0x80 binaries/doscan.o
                0x000000008101b678                _sctab
 .data          0x000000008101b6f8        0x0 binaries/fdoprnt.o
 .data          0x000000008101b6f8        0x0 binaries/fgetc.o
 .data          0x000000008101b6f8        0x0 binaries/fgets.o
 .data          0x000000008101b6f8        0x0 binaries/fprintf.o
 .data          0x000000008101b6f8        0x0 binaries/fputc.o
 .data          0x000000008101b6f8        0x0 binaries/fputs.o
 .data          0x000000008101b6f8        0x0 binaries/fscanf.o
 .data          0x000000008101b6f8        0x0 binaries/getchar.o
 .data          0x000000008101b6f8        0x0 binaries/labs.o
 .data          0x000000008101b6f8        0x0 binaries/memchr.o
 .data          0x000000008101b6f8        0x0 binaries/memcmp.o
 .data          0x000000008101b6f8        0x0 binaries/memcpy.o
 .data          0x000000008101b6f8        0x0 binaries/memset.o
 .data          0x000000008101b6f8        0x0 binaries/printf.o
 .data          0x000000008101b6f8        0x0 binaries/putchar.o
 .data          0x000000008101b6f8        0x0 binaries/qsort.o
 .data          0x000000008101b6f8        0x4 binaries/rand.o
 .data          0x000000008101b6fc        0x0 binaries/sprintf.o
 .data          0x000000008101b6fc        0x0 binaries/sscanf.o
 .data          0x000000008101b6fc        0x0 binaries/strchr.o
 .data          0x000000008101b6fc        0x0 binaries/strcmp.o
 .data          0x000000008101b6fc        0x0 binaries/strcpy.o
 .data          0x000000008101b6fc        0x0 binaries/strlen.o
 .data          0x000000008101b6fc        0x0 binaries/strncat.o
 .data          0x000000008101b6fc        0x0 binaries/strncmp.o
 .data          0x000000008101b6fc        0x0 binaries/strncpy.o
 .data          0x000000008101b6fc        0x0 binaries/strnlen.o
 .data          0x000000008101b6fc        0x0 binaries/strrchr.o
 .data          0x000000008101b6fc        0x0 binaries/strstr.o
 .data          0x000000008101b6fc        0x0 binaries/ttycontrol.o
 .data          0x000000008101b6fc        0x0 binaries/ttygetc.o
 .data          0x000000008101b6fc        0x0 binaries/ttyhandle_in.o
 .data          0x000000008101b6fc        0x0 binaries/ttyhandle_out.o
 .data          0x000000008101b6fc        0x0 binaries/ttyhandler.o
 .data          0x000000008101b6fc        0x0 binaries/ttyinit.o
 .data          0x000000008101b6fc        0x0 binaries/ttykickout.o
 .data          0x000000008101b6fc        0x0 binaries/ttyputc.o
 .data          0x000000008101b6fc        0x0 binaries/ttyread.o
 .data          0x000000008101b6fc        0x0 binaries/ttywrite.o
 .data          0x000000008101b6fc        0x0 binaries/mount.o
 .data          0x000000008101b6fc        0x0 binaries/naminit.o
 .data          0x000000008101b6fc        0x0 binaries/nammap.o
 .data          0x000000008101b6fc        0x0 binaries/namopen.o
 .data          0x000000008101b6fc        0x0 binaries/colon2mac.o
 .data          0x000000008101b6fc        0x0 binaries/ethcontrol.o
 .data          0x000000008101b6fc        0x0 binaries/ethhandler.o
 .data          0x000000008101b6fc        0x0 binaries/ethinit.o
 .data          0x000000008101b6fc        0x0 binaries/ethread.o
 .data          0x000000008101b6fc        0x0 binaries/ethwrite.o
 .data          0x000000008101b6fc        0x0 binaries/rdsbufalloc.o
 .data          0x000000008101b6fc        0x0 binaries/rdsclose.o
 .data          0x000000008101b6fc        0x0 binaries/rdscomm.o
 .data          0x000000008101b6fc        0x0 binaries/rdscontrol.o
 .data          0x000000008101b6fc        0x0 binaries/rdsinit.o
 .data          0x000000008101b6fc        0x0 binaries/rdsopen.o
 .data          0x000000008101b6fc        0x0 binaries/rdsprocess.o
 .data          0x000000008101b6fc        0x0 binaries/rdsread.o
 .data          0x000000008101b6fc        0x0 binaries/rdswrite.o
 .data          0x000000008101b6fc        0x0 binaries/ramclose.o
 .data          0x000000008101b6fc        0x0 binaries/raminit.o
 .data          0x000000008101b6fc        0x0 binaries/ramopen.o
 .data          0x000000008101b6fc        0x0 binaries/ramread.o
 .data          0x000000008101b6fc        0x0 binaries/ramwrite.o
 .data          0x000000008101b6fc        0x0 binaries/lfdballoc.o
 .data          0x000000008101b6fc        0x0 binaries/lfdbfree.o
 .data          0x000000008101b6fc        0x0 binaries/lfflush.o
 .data          0x000000008101b6fc        0x0 binaries/lfgetmode.o
 .data          0x000000008101b6fc        0x0 binaries/lfiballoc.o
 .data          0x000000008101b6fc        0x0 binaries/lfibclear.o
 .data          0x000000008101b6fc        0x0 binaries/lfibget.o
 .data          0x000000008101b6fc        0x0 binaries/lfibput.o
 .data          0x000000008101b6fc        0x0 binaries/lflclose.o
 .data          0x000000008101b6fc        0x0 binaries/lflcontrol.o
 .data          0x000000008101b6fc        0x0 binaries/lflgetc.o
 .data          0x000000008101b6fc        0x0 binaries/lflinit.o
 .data          0x000000008101b6fc        0x0 binaries/lflputc.o
 .data          0x000000008101b6fc        0x0 binaries/lflread.o
 .data          0x000000008101b6fc        0x0 binaries/lflseek.o
 .data          0x000000008101b6fc        0x0 binaries/lflwrite.o
 .data          0x000000008101b6fc        0x0 binaries/lfsckfmt.o
 .data          0x000000008101b6fc        0x0 binaries/lfscreate.o
 .data          0x000000008101b6fc        0x0 binaries/lfsetup.o
 .data          0x000000008101b6fc        0x0 binaries/lfsinit.o
 .data          0x000000008101b6fc        0x0 binaries/lfsopen.o
 .data          0x000000008101b6fc        0x0 binaries/lftruncate.o
 .data          0x000000008101b6fc        0x0 binaries/rflclose.o
 .data          0x000000008101b6fc        0x0 binaries/rflgetc.o
 .data          0x000000008101b6fc        0x0 binaries/rflinit.o
 .data          0x000000008101b6fc        0x0 binaries/rflputc.o
 .data          0x000000008101b6fc        0x0 binaries/rflread.o
 .data          0x000000008101b6fc        0x0 binaries/rflseek.o
 .data          0x000000008101b6fc        0x0 binaries/rflwrite.o
 .data          0x000000008101b6fc        0x0 binaries/rfscomm.o
 .data          0x000000008101b6fc        0x0 binaries/rfscontrol.o
 .data          0x000000008101b6fc        0x0 binaries/rfsgetmode.o
 .data          0x000000008101b6fc        0x0 binaries/rfsinit.o
 .data          0x000000008101b6fc        0x0 binaries/rfsndmsg.o
 .data          0x000000008101b6fc        0x0 binaries/rfsopen.o
 .data          0x000000008101b6fc        0x0 binaries/arp.o
 .data          0x000000008101b6fc        0x0 binaries/dhcp.o
 .data          0x000000008101b6fc        0x0 binaries/dns.o
 .data          0x000000008101b6fc        0x0 binaries/dot2ip.o
 .data          0x000000008101b6fc        0x0 binaries/hexdump.o
 .data          0x000000008101b6fc        0x4 binaries/icmp.o
 .data          0x000000008101b700        0x0 binaries/ip.o
 .data          0x000000008101b700        0x0 binaries/net.o
 .data          0x000000008101b700        0x0 binaries/netstart.o
 .data          0x000000008101b700        0x0 binaries/pdump.o
 .data          0x000000008101b700        0x0 binaries/tftp.o
 .data          0x000000008101b700        0x4 binaries/udp.o
 .data          0x000000008101b704        0x0 binaries/addargs.o
 .data          0x000000008101b704        0x0 binaries/lexan.o
 .data          0x000000008101b704        0x4 binaries/shell.o
                0x000000008101b704                ncmd
 .data          0x000000008101b708        0x0 binaries/xsh_argecho.o
 .data          0x000000008101b708        0x0 binaries/xsh_arp.o
 .data          0x000000008101b708        0x0 binaries/xsh_cat.o
 .data          0x000000008101b708        0x0 binaries/xsh_clear.o
 .data          0x000000008101b708        0x0 binaries/xsh_cliver.o
 .data          0x000000008101b708        0x0 binaries/xsh_date.o
 .data          0x000000008101b708        0x0 binaries/xsh_devdump.o
 .data          0x000000008101b708        0x0 binaries/xsh_echo.o
 .data          0x000000008101b708        0x0 binaries/xsh_exit.o
 .data          0x000000008101b708        0x0 binaries/xsh_fstest.o
 .data          0x000000008101b708        0x0 binaries/xsh_hello.o
 .data          0x000000008101b708        0x0 binaries/xsh_help.o
 .data          0x000000008101b708        0x0 binaries/xsh_ipaddr.o
 .data          0x000000008101b708        0x0 binaries/xsh_kill.o
 .data          0x000000008101b708        0x0 binaries/xsh_led.o
 .data          0x000000008101b708        0x0 binaries/xsh_memdump.o
 .data          0x000000008101b708        0x0 binaries/xsh_memstat.o
 .data          0x000000008101b708        0x0 binaries/xsh_ping.o
 .data          0x000000008101b708        0x0 binaries/xsh_prodcons.o
 .data          0x000000008101b708        0x0 binaries/xsh_ps.o
 .data          0x000000008101b708        0x0 binaries/xsh_reset.o
 .data          0x000000008101b708        0x0 binaries/xsh_sleep.o
 .data          0x000000008101b708        0x0 binaries/xsh_udpdump.o
 .data          0x000000008101b708        0x0 binaries/xsh_udpecho.o
 .data          0x000000008101b708        0x0 binaries/xsh_udpeserver.o
 .data          0x000000008101b708        0x0 binaries/xsh_uptime.o
 .data          0x000000008101b708        0x0 binaries/cliver_produce.o
 .data          0x000000008101b708        0x0 binaries/consume.o
 .data          0x000000008101b708        0x0 binaries/future_cons.o
 .data          0x000000008101b708        0x0 binaries/future_prod.o
 .data          0x000000008101b708        0x0 binaries/produce.o
 .data          0x000000008101b708        0x0 binaries/ctxsw.o
 .data          0x000000008101b708        0x0 binaries/intr.o
 .data          0x000000008101b708        0x0 /usr/lib/gcc/arm-none-eabi/4.9.3/libgcc.a(_udivsi3.o)
 .data          0x000000008101b708        0x0 /usr/lib/gcc/arm-none-eabi/4.9.3/libgcc.a(_divsi3.o)
 .data          0x000000008101b708        0x0 /usr/lib/gcc/arm-none-eabi/4.9.3/libgcc.a(_dvmd_tls.o)
                0x000000008101b708                edata = ABSOLUTE (.)
                0x000000008101c000                . = ALIGN (0x1000)
 *fill*         0x000000008101b708      0x8f8 

.igot.plt       0x000000008101c000        0x0
 .igot.plt      0x0000000000000000        0x0 binaries/start.o

.bss            0x000000008101c000    0x23000
                0x000000008101c000                bss = ABSOLUTE (.)
 *(.bss .bss.*)
 .bss           0x000000008101c000        0x0 binaries/start.o
 .bss           0x000000008101c000        0x0 binaries/ascdate.o
 .bss           0x000000008101c000        0x4 binaries/bs.o
                0x000000008101c000                dev0
 .bss           0x000000008101c004        0x0 binaries/bufinit.o
 .bss           0x000000008101c004        0x0 binaries/chprio.o
 .bss           0x000000008101c004        0x0 binaries/clkhandler.o
 .bss           0x000000008101c004        0x4 binaries/clkinit.o
                0x000000008101c004                ctr1000
 .bss           0x000000008101c008        0x0 binaries/close.o
 .bss           0x000000008101c008        0x0 binaries/conf.o
 .bss           0x000000008101c008        0x0 binaries/control.o
 .bss           0x000000008101c008        0x0 binaries/create.o
 .bss           0x000000008101c008        0x0 binaries/evec.o
 .bss           0x000000008101c008        0x0 binaries/exit.o
 .bss           0x000000008101c008        0x0 binaries/freebuf.o
 .bss           0x000000008101c008        0x0 binaries/freemem.o
 .bss           0x000000008101c008      0x260 binaries/fs.o
                0x000000008101c264                next_open_fd
 .bss           0x000000008101c268      0x25c binaries/fs_create.o
 .bss           0x000000008101c4c4        0x0 binaries/fs_init.o
 .bss           0x000000008101c4c4      0x25c binaries/fs_open.o
 .bss           0x000000008101c720        0x0 binaries/fs_write.o
 .bss           0x000000008101c720       0x10 binaries/fut_queue.o
 .bss           0x000000008101c730        0x0 binaries/future_alloc.o
 .bss           0x000000008101c730       0x10 binaries/future_free.o
 .bss           0x000000008101c740        0x0 binaries/future_get.o
 .bss           0x000000008101c740        0x0 binaries/future_set.o
 .bss           0x000000008101c740        0x0 binaries/getbuf.o
 .bss           0x000000008101c740        0x0 binaries/getc.o
 .bss           0x000000008101c740        0x0 binaries/getdev.o
 .bss           0x000000008101c740        0x0 binaries/getitem.o
 .bss           0x000000008101c740        0x0 binaries/getmem.o
 .bss           0x000000008101c740        0x0 binaries/getpid.o
 .bss           0x000000008101c740        0x0 binaries/getprio.o
 .bss           0x000000008101c740        0x0 binaries/getstk.o
 .bss           0x000000008101c740        0x0 binaries/gettime.o
 .bss           0x000000008101c740        0x0 binaries/getutime.o
 .bss           0x000000008101c740        0x0 binaries/init.o
 .bss           0x000000008101c740        0x0 binaries/initialize.o
 .bss           0x000000008101c740        0x0 binaries/initQ.o
 .bss           0x000000008101c740        0x0 binaries/insert.o
 .bss           0x000000008101c740        0x0 binaries/insertd.o
 .bss           0x000000008101c740        0x0 binaries/ioerr.o
 .bss           0x000000008101c740        0x0 binaries/ionull.o
 .bss           0x000000008101c740        0x0 binaries/kill.o
 .bss           0x000000008101c740        0x0 binaries/kprintf.o
 .bss           0x000000008101c740        0x0 binaries/main.o
 .bss           0x000000008101c740        0x0 binaries/mark.o
 .bss           0x000000008101c740        0x0 binaries/meminit.o
 .bss           0x000000008101c740        0x0 binaries/mkbufpool.o
 .bss           0x000000008101c740        0x0 binaries/newqueue.o
 .bss           0x000000008101c740        0x0 binaries/open.o
 .bss           0x000000008101c740        0x0 binaries/panic.o
 .bss           0x000000008101c740        0x0 binaries/platinit.o
 .bss           0x000000008101c740        0x0 binaries/ptclear.o
 .bss           0x000000008101c740        0x0 binaries/ptcount.o
 .bss           0x000000008101c740        0x0 binaries/ptcreate.o
 .bss           0x000000008101c740        0x0 binaries/ptdelete.o
 .bss           0x000000008101c740        0x0 binaries/ptinit.o
 .bss           0x000000008101c740        0x0 binaries/ptrecv.o
 .bss           0x000000008101c740        0x0 binaries/ptreset.o
 .bss           0x000000008101c740        0x0 binaries/ptsend.o
 .bss           0x000000008101c740        0x0 binaries/putc.o
 .bss           0x000000008101c740        0x0 binaries/queue.o
 .bss           0x000000008101c740        0x0 binaries/read.o
 .bss           0x000000008101c740        0x0 binaries/ready.o
 .bss           0x000000008101c740        0x0 binaries/receive.o
 .bss           0x000000008101c740        0x0 binaries/recvclr.o
 .bss           0x000000008101c740        0x0 binaries/recvtime.o
 .bss           0x000000008101c740        0x0 binaries/resched.o
 .bss           0x000000008101c740        0x0 binaries/resume.o
 .bss           0x000000008101c740        0x0 binaries/seek.o
 .bss           0x000000008101c740        0x0 binaries/semcount.o
 .bss           0x000000008101c740        0x4 binaries/semcreate.o
 .bss           0x000000008101c744        0x0 binaries/semdelete.o
 .bss           0x000000008101c744        0x0 binaries/semreset.o
 .bss           0x000000008101c744        0x0 binaries/send.o
 .bss           0x000000008101c744        0x0 binaries/signal.o
 .bss           0x000000008101c744        0x0 binaries/signaln.o
 .bss           0x000000008101c744        0x0 binaries/sleep.o
 .bss           0x000000008101c744        0x0 binaries/slot_queue.o
 .bss           0x000000008101c744        0x0 binaries/suspend.o
 .bss           0x000000008101c744        0x0 binaries/unsleep.o
 .bss           0x000000008101c744        0x0 binaries/userret.o
 .bss           0x000000008101c744        0x0 binaries/wait.o
 .bss           0x000000008101c744        0x0 binaries/wakeup.o
 .bss           0x000000008101c744        0x0 binaries/write.o
 .bss           0x000000008101c744        0x0 binaries/xdone.o
 .bss           0x000000008101c744        0x0 binaries/yield.o
 .bss           0x000000008101c744        0x0 binaries/abs.o
 .bss           0x000000008101c744        0x0 binaries/atoi.o
 .bss           0x000000008101c744        0x0 binaries/atol.o
 .bss           0x000000008101c744        0x0 binaries/bzero.o
 .bss           0x000000008101c744        0x0 binaries/ctype_.o
 .bss           0x000000008101c744        0x0 binaries/doprnt.o
 .bss           0x000000008101c744        0x0 binaries/doscan.o
 .bss           0x000000008101c744        0x0 binaries/fdoprnt.o
 .bss           0x000000008101c744        0x0 binaries/fgetc.o
 .bss           0x000000008101c744        0x0 binaries/fgets.o
 .bss           0x000000008101c744        0x0 binaries/fprintf.o
 .bss           0x000000008101c744        0x0 binaries/fputc.o
 .bss           0x000000008101c744        0x0 binaries/fputs.o
 .bss           0x000000008101c744        0x0 binaries/fscanf.o
 .bss           0x000000008101c744        0x0 binaries/getchar.o
 .bss           0x000000008101c744        0x0 binaries/labs.o
 .bss           0x000000008101c744        0x0 binaries/memchr.o
 .bss           0x000000008101c744        0x0 binaries/memcmp.o
 .bss           0x000000008101c744        0x0 binaries/memcpy.o
 .bss           0x000000008101c744        0x0 binaries/memset.o
 .bss           0x000000008101c744        0x0 binaries/printf.o
 .bss           0x000000008101c744        0x0 binaries/putchar.o
 .bss           0x000000008101c744        0x8 binaries/qsort.o
 .bss           0x000000008101c74c        0x0 binaries/rand.o
 .bss           0x000000008101c74c        0x0 binaries/sprintf.o
 .bss           0x000000008101c74c        0x0 binaries/sscanf.o
 .bss           0x000000008101c74c        0x0 binaries/strchr.o
 .bss           0x000000008101c74c        0x0 binaries/strcmp.o
 .bss           0x000000008101c74c        0x0 binaries/strcpy.o
 .bss           0x000000008101c74c        0x0 binaries/strlen.o
 .bss           0x000000008101c74c        0x0 binaries/strncat.o
 .bss           0x000000008101c74c        0x0 binaries/strncmp.o
 .bss           0x000000008101c74c        0x0 binaries/strncpy.o
 .bss           0x000000008101c74c        0x0 binaries/strnlen.o
 .bss           0x000000008101c74c        0x0 binaries/strrchr.o
 .bss           0x000000008101c74c        0x0 binaries/strstr.o
 .bss           0x000000008101c74c        0x0 binaries/ttycontrol.o
 .bss           0x000000008101c74c        0x0 binaries/ttygetc.o
 .bss           0x000000008101c74c        0x0 binaries/ttyhandle_in.o
 .bss           0x000000008101c74c        0x0 binaries/ttyhandle_out.o
 .bss           0x000000008101c74c        0x0 binaries/ttyhandler.o
 .bss           0x000000008101c74c        0x0 binaries/ttyinit.o
 .bss           0x000000008101c74c        0x0 binaries/ttykickout.o
[...]
 .ARM.attributes
                0x000000000000281a       0x35 binaries/dns.o
 .ARM.attributes
                0x000000000000284f       0x35 binaries/dot2ip.o
 .ARM.attributes
                0x0000000000002884       0x35 binaries/hexdump.o
 .ARM.attributes
                0x00000000000028b9       0x35 binaries/icmp.o
 .ARM.attributes
                0x00000000000028ee       0x35 binaries/ip.o
 .ARM.attributes
                0x0000000000002923       0x35 binaries/net.o
 .ARM.attributes
                0x0000000000002958       0x35 binaries/netstart.o
 .ARM.attributes
                0x000000000000298d       0x35 binaries/pdump.o
 .ARM.attributes
                0x00000000000029c2       0x35 binaries/tftp.o
 .ARM.attributes
                0x00000000000029f7       0x35 binaries/udp.o
 .ARM.attributes
                0x0000000000002a2c       0x35 binaries/addargs.o
 .ARM.attributes
                0x0000000000002a61       0x35 binaries/lexan.o
 .ARM.attributes
                0x0000000000002a96       0x35 binaries/shell.o
 .ARM.attributes
                0x0000000000002acb       0x35 binaries/xsh_argecho.o
 .ARM.attributes
                0x0000000000002b00       0x35 binaries/xsh_arp.o
 .ARM.attributes
                0x0000000000002b35       0x35 binaries/xsh_cat.o
 .ARM.attributes
                0x0000000000002b6a       0x35 binaries/xsh_clear.o
 .ARM.attributes
                0x0000000000002b9f       0x35 binaries/xsh_cliver.o
 .ARM.attributes
                0x0000000000002bd4       0x35 binaries/xsh_date.o
 .ARM.attributes
                0x0000000000002c09       0x35 binaries/xsh_devdump.o
 .ARM.attributes
                0x0000000000002c3e       0x35 binaries/xsh_echo.o
 .ARM.attributes
                0x0000000000002c73       0x35 binaries/xsh_exit.o
 .ARM.attributes
                0x0000000000002ca8       0x35 binaries/xsh_fstest.o
 .ARM.attributes
                0x0000000000002cdd       0x35 binaries/xsh_hello.o
 .ARM.attributes
                0x0000000000002d12       0x35 binaries/xsh_help.o
 .ARM.attributes
                0x0000000000002d47       0x35 binaries/xsh_ipaddr.o
 .ARM.attributes
                0x0000000000002d7c       0x35 binaries/xsh_kill.o
 .ARM.attributes
                0x0000000000002db1       0x35 binaries/xsh_led.o
 .ARM.attributes
                0x0000000000002de6       0x35 binaries/xsh_memdump.o
 .ARM.attributes
                0x0000000000002e1b       0x35 binaries/xsh_memstat.o
 .ARM.attributes
                0x0000000000002e50       0x35 binaries/xsh_ping.o
 .ARM.attributes
                0x0000000000002e85       0x35 binaries/xsh_prodcons.o
 .ARM.attributes
                0x0000000000002eba       0x35 binaries/xsh_ps.o
 .ARM.attributes
                0x0000000000002eef       0x35 binaries/xsh_reset.o
 .ARM.attributes
                0x0000000000002f24       0x35 binaries/xsh_sleep.o
 .ARM.attributes
                0x0000000000002f59       0x35 binaries/xsh_udpdump.o
 .ARM.attributes
                0x0000000000002f8e       0x35 binaries/xsh_udpecho.o
 .ARM.attributes
                0x0000000000002fc3       0x35 binaries/xsh_udpeserver.o
 .ARM.attributes
                0x0000000000002ff8       0x35 binaries/xsh_uptime.o
 .ARM.attributes
                0x000000000000302d       0x35 binaries/cliver_produce.o
 .ARM.attributes
                0x0000000000003062       0x35 binaries/consume.o
 .ARM.attributes
                0x0000000000003097       0x35 binaries/future_cons.o
 .ARM.attributes
                0x00000000000030cc       0x35 binaries/future_prod.o
 .ARM.attributes
                0x0000000000003101       0x35 binaries/produce.o
 .ARM.attributes
                0x0000000000003136       0x25 binaries/ctxsw.o
 .ARM.attributes
                0x000000000000315b       0x25 binaries/intr.o
 .ARM.attributes
                0x0000000000003180       0x18 /usr/lib/gcc/arm-none-eabi/4.9.3/libgcc.a(_udivsi3.o)
 .ARM.attributes
                0x0000000000003198       0x18 /usr/lib/gcc/arm-none-eabi/4.9.3/libgcc.a(_divsi3.o)
 .ARM.attributes
                0x00000000000031b0       0x18 /usr/lib/gcc/arm-none-eabi/4.9.3/libgcc.a(_dvmd_tls.o)

.comment        0x0000000000000000       0x70
 .comment       0x0000000000000000       0x70 binaries/ascdate.o
                                         0x71 (size before relaxing)
 .comment       0x0000000000000000       0x71 binaries/bs.o
 .comment       0x0000000000000000       0x71 binaries/bufinit.o
 .comment       0x0000000000000000       0x71 binaries/chprio.o
 .comment       0x0000000000000000       0x71 binaries/clkhandler.o
 .comment       0x0000000000000000       0x71 binaries/clkinit.o
 .comment       0x0000000000000000       0x71 binaries/close.o
 .comment       0x0000000000000000       0x71 binaries/conf.o
 .comment       0x0000000000000000       0x71 binaries/control.o
 .comment       0x0000000000000000       0x71 binaries/create.o
 .comment       0x0000000000000000       0x71 binaries/evec.o
 .comment       0x0000000000000000       0x71 binaries/exit.o
 .comment       0x0000000000000000       0x71 binaries/freebuf.o
 .comment       0x0000000000000000       0x71 binaries/freemem.o
 .comment       0x0000000000000000       0x71 binaries/fs.o
 .comment       0x0000000000000000       0x71 binaries/fs_create.o
 .comment       0x0000000000000000       0x71 binaries/fs_init.o
 .comment       0x0000000000000000       0x71 binaries/fs_open.o
 .comment       0x0000000000000000       0x71 binaries/fs_write.o
 .comment       0x0000000000000000       0x71 binaries/fut_queue.o
 .comment       0x0000000000000000       0x71 binaries/future_alloc.o
 .comment       0x0000000000000000       0x71 binaries/future_free.o
 .comment       0x0000000000000000       0x71 binaries/future_get.o
 .comment       0x0000000000000000       0x71 binaries/future_set.o
 .comment       0x0000000000000000       0x71 binaries/getbuf.o
 .comment       0x0000000000000000       0x71 binaries/getc.o
 .comment       0x0000000000000000       0x71 binaries/getdev.o
 .comment       0x0000000000000000       0x71 binaries/getitem.o
 .comment       0x0000000000000000       0x71 binaries/getmem.o
 .comment       0x0000000000000000       0x71 binaries/getpid.o
 .comment       0x0000000000000000       0x71 binaries/getprio.o
 .comment       0x0000000000000000       0x71 binaries/getstk.o
 .comment       0x0000000000000000       0x71 binaries/gettime.o
 .comment       0x0000000000000000       0x71 binaries/getutime.o
 .comment       0x0000000000000000       0x71 binaries/init.o
 .comment       0x0000000000000000       0x71 binaries/initialize.o
 .comment       0x0000000000000000       0x71 binaries/initQ.o
 .comment       0x0000000000000000       0x71 binaries/insert.o
 .comment       0x0000000000000000       0x71 binaries/insertd.o
 .comment       0x0000000000000000       0x71 binaries/ioerr.o
 .comment       0x0000000000000000       0x71 binaries/ionull.o
 .comment       0x0000000000000000       0x71 binaries/kill.o
 .comment       0x0000000000000000       0x71 binaries/kprintf.o
 .comment       0x0000000000000000       0x71 binaries/main.o
 .comment       0x0000000000000000       0x71 binaries/mark.o
 .comment       0x0000000000000000       0x71 binaries/meminit.o
 .comment       0x0000000000000000       0x71 binaries/mkbufpool.o
 .comment       0x0000000000000000       0x71 binaries/newqueue.o
 .comment       0x0000000000000000       0x71 binaries/open.o
 .comment       0x0000000000000000       0x71 binaries/panic.o
 .comment       0x0000000000000000       0x71 binaries/platinit.o
 .comment       0x0000000000000000       0x71 binaries/ptclear.o
 .comment       0x0000000000000000       0x71 binaries/ptcount.o
 .comment       0x0000000000000000       0x71 binaries/ptcreate.o
 .comment       0x0000000000000000       0x71 binaries/ptdelete.o
 .comment       0x0000000000000000       0x71 binaries/ptinit.o
 .comment       0x0000000000000000       0x71 binaries/ptrecv.o
 .comment       0x0000000000000000       0x71 binaries/ptreset.o
 .comment       0x0000000000000000       0x71 binaries/ptsend.o
 .comment       0x0000000000000000       0x71 binaries/putc.o
 .comment       0x0000000000000000       0x71 binaries/queue.o
 .comment       0x0000000000000000       0x71 binaries/read.o
 .comment       0x0000000000000000       0x71 binaries/ready.o
 .comment       0x0000000000000000       0x71 binaries/receive.o
 .comment       0x0000000000000000       0x71 binaries/recvclr.o
 .comment       0x0000000000000000       0x71 binaries/recvtime.o
 .comment       0x0000000000000000       0x71 binaries/resched.o
 .comment       0x0000000000000000       0x71 binaries/resume.o
 .comment       0x0000000000000000       0x71 binaries/seek.o
 .comment       0x0000000000000000       0x71 binaries/semcount.o
 .comment       0x0000000000000000       0x71 binaries/semcreate.o
 .comment       0x0000000000000000       0x71 binaries/semdelete.o
 .comment       0x0000000000000000       0x71 binaries/semreset.o
 .comment       0x0000000000000000       0x71 binaries/send.o
 .comment       0x0000000000000000       0x71 binaries/signal.o
 .comment       0x0000000000000000       0x71 binaries/signaln.o
 .comment       0x0000000000000000       0x71 binaries/sleep.o
 .comment       0x0000000000000000       0x71 binaries/slot_queue.o
 .comment       0x0000000000000000       0x71 binaries/suspend.o
 .comment       0x0000000000000000       0x71 binaries/unsleep.o
 .comment       0x0000000000000000       0x71 binaries/userret.o
 .comment       0x0000000000000000       0x71 binaries/wait.o
 .comment       0x0000000000000000       0x71 binaries/wakeup.o
 .comment       0x0000000000000000       0x71 binaries/write.o
 .comment       0x0000000000000000       0x71 binaries/xdone.o
 .comment       0x0000000000000000       0x71 binaries/yield.o
 .comment       0x0000000000000000       0x71 binaries/abs.o
 .comment       0x0000000000000000       0x71 binaries/atoi.o
 .comment       0x0000000000000000       0x71 binaries/atol.o
 .comment       0x0000000000000000       0x71 binaries/bzero.o
 .comment       0x0000000000000000       0x71 binaries/ctype_.o
 .comment       0x0000000000000000       0x71 binaries/doprnt.o
 .comment       0x0000000000000000       0x71 binaries/doscan.o
 .comment       0x0000000000000000       0x71 binaries/fdoprnt.o
 .comment       0x0000000000000000       0x71 binaries/fgetc.o
 .comment       0x0000000000000000       0x71 binaries/fgets.o
 .comment       0x0000000000000000       0x71 binaries/fprintf.o
 .comment       0x0000000000000000       0x71 binaries/fputc.o
 .comment       0x0000000000000000       0x71 binaries/fputs.o
 .comment       0x0000000000000000       0x71 binaries/fscanf.o
 .comment       0x0000000000000000       0x71 binaries/getchar.o
 .comment       0x0000000000000000       0x71 binaries/labs.o
 .comment       0x0000000000000000       0x71 binaries/memchr.o
 .comment       0x0000000000000000       0x71 binaries/memcmp.o
 .comment       0x0000000000000000       0x71 binaries/memcpy.o
 .comment       0x0000000000000000       0x71 binaries/memset.o
 .comment       0x0000000000000000       0x71 binaries/printf.o
 .comment       0x0000000000000000       0x71 binaries/putchar.o
 .comment       0x0000000000000000       0x71 binaries/qsort.o
 .comment       0x0000000000000000       0x71 binaries/rand.o
 .comment       0x0000000000000000       0x71 binaries/sprintf.o
 .comment       0x0000000000000000       0x71 binaries/sscanf.o
 .comment       0x0000000000000000       0x71 binaries/strchr.o
 .comment       0x0000000000000000       0x71 binaries/strcmp.o
 .comment       0x0000000000000000       0x71 binaries/strcpy.o
 .comment       0x0000000000000000       0x71 binaries/strlen.o
 .comment       0x0000000000000000       0x71 binaries/strncat.o
 .comment       0x0000000000000000       0x71 binaries/strncmp.o
 .comment       0x0000000000000000       0x71 binaries/strncpy.o
 .comment       0x0000000000000000       0x71 binaries/strnlen.o
 .comment       0x0000000000000000       0x71 binaries/strrchr.o
 .comment       0x0000000000000000       0x71 binaries/strstr.o
 .comment       0x0000000000000000       0x71 binaries/ttycontrol.o
 .comment       0x0000000000000000       0x71 binaries/ttygetc.o
 .comment       0x0000000000000000       0x71 binaries/ttyhandle_in.o
 .comment       0x0000000000000000       0x71 binaries/ttyhandle_out.o
 .comment       0x0000000000000000       0x71 binaries/ttyhandler.o
 .comment       0x0000000000000000       0x71 binaries/ttyinit.o
 .comment       0x0000000000000000       0x71 binaries/ttykickout.o
 .comment       0x0000000000000000       0x71 binaries/ttyputc.o
 .comment       0x0000000000000000       0x71 binaries/ttyread.o
 .comment       0x0000000000000000       0x71 binaries/ttywrite.o
 .comment       0x0000000000000000       0x71 binaries/mount.o
 .comment       0x0000000000000000       0x71 binaries/naminit.o
 .comment       0x0000000000000000       0x71 binaries/nammap.o
 .comment       0x0000000000000000       0x71 binaries/namopen.o
 .comment       0x0000000000000000       0x71 binaries/colon2mac.o
 .comment       0x0000000000000000       0x71 binaries/ethcontrol.o
 .comment       0x0000000000000000       0x71 binaries/ethhandler.o
 .comment       0x0000000000000000       0x71 binaries/ethinit.o
 .comment       0x0000000000000000       0x71 binaries/ethread.o
 .comment       0x0000000000000000       0x71 binaries/ethwrite.o
 .comment       0x0000000000000000       0x71 binaries/rdsbufalloc.o
 .comment       0x0000000000000000       0x71 binaries/rdsclose.o
 .comment       0x0000000000000000       0x71 binaries/rdscomm.o
 .comment       0x0000000000000000       0x71 binaries/rdscontrol.o
 .comment       0x0000000000000000       0x71 binaries/rdsinit.o
 .comment       0x0000000000000000       0x71 binaries/rdsopen.o
 .comment       0x0000000000000000       0x71 binaries/rdsprocess.o
 .comment       0x0000000000000000       0x71 binaries/rdsread.o
 .comment       0x0000000000000000       0x71 binaries/rdswrite.o
 .comment       0x0000000000000000       0x71 binaries/ramclose.o
 .comment       0x0000000000000000       0x71 binaries/raminit.o
 .comment       0x0000000000000000       0x71 binaries/ramopen.o
 .comment       0x0000000000000000       0x71 binaries/ramread.o
 .comment       0x0000000000000000       0x71 binaries/ramwrite.o
 .comment       0x0000000000000000       0x71 binaries/lfdballoc.o
 .comment       0x0000000000000000       0x71 binaries/lfdbfree.o
 .comment       0x0000000000000000       0x71 binaries/lfflush.o
 .comment       0x0000000000000000       0x71 binaries/lfgetmode.o
 .comment       0x0000000000000000       0x71 binaries/lfiballoc.o
 .comment       0x0000000000000000       0x71 binaries/lfibclear.o
 .comment       0x0000000000000000       0x71 binaries/lfibget.o
 .comment       0x0000000000000000       0x71 binaries/lfibput.o
 .comment       0x0000000000000000       0x71 binaries/lflclose.o
 .comment       0x0000000000000000       0x71 binaries/lflcontrol.o
 .comment       0x0000000000000000       0x71 binaries/lflgetc.o
 .comment       0x0000000000000000       0x71 binaries/lflinit.o
 .comment       0x0000000000000000       0x71 binaries/lflputc.o
 .comment       0x0000000000000000       0x71 binaries/lflread.o
 .comment       0x0000000000000000       0x71 binaries/lflseek.o
 .comment       0x0000000000000000       0x71 binaries/lflwrite.o
 .comment       0x0000000000000000       0x71 binaries/lfsckfmt.o
 .comment       0x0000000000000000       0x71 binaries/lfscreate.o
 .comment       0x0000000000000000       0x71 binaries/lfsetup.o
 .comment       0x0000000000000000       0x71 binaries/lfsinit.o
 .comment       0x0000000000000000       0x71 binaries/lfsopen.o
 .comment       0x0000000000000000       0x71 binaries/lftruncate.o
 .comment       0x0000000000000000       0x71 binaries/rflclose.o
 .comment       0x0000000000000000       0x71 binaries/rflgetc.o
 .comment       0x0000000000000000       0x71 binaries/rflinit.o
 .comment       0x0000000000000000       0x71 binaries/rflputc.o
 .comment       0x0000000000000000       0x71 binaries/rflread.o
 .comment       0x0000000000000000       0x71 binaries/rflseek.o
 .comment       0x0000000000000000       0x71 binaries/rflwrite.o
 .comment       0x0000000000000000       0x71 binaries/rfscomm.o
 .comment       0x0000000000000000       0x71 binaries/rfscontrol.o
 .comment       0x0000000000000000       0x71 binaries/rfsgetmode.o
 .comment       0x0000000000000000       0x71 binaries/rfsinit.o
 .comment       0x0000000000000000       0x71 binaries/rfsndmsg.o
 .comment       0x0000000000000000       0x71 binaries/rfsopen.o
 .comment       0x0000000000000000       0x71 binaries/arp.o
 .comment       0x0000000000000000       0x71 binaries/dhcp.o
 .comment       0x0000000000000000       0x71 binaries/dns.o
 .comment       0x0000000000000000       0x71 binaries/dot2ip.o
 .comment       0x0000000000000000       0x71 binaries/hexdump.o
 .comment       0x0000000000000000       0x71 binaries/icmp.o
 .comment       0x0000000000000000       0x71 binaries/ip.o
 .comment       0x0000000000000000       0x71 binaries/net.o
 .comment       0x0000000000000000       0x71 binaries/netstart.o
 .comment       0x0000000000000000       0x71 binaries/pdump.o
 .comment       0x0000000000000000       0x71 binaries/tftp.o
 .comment       0x0000000000000000       0x71 binaries/udp.o
 .comment       0x0000000000000000       0x71 binaries/addargs.o
 .comment       0x0000000000000000       0x71 binaries/lexan.o
 .comment       0x0000000000000000       0x71 binaries/shell.o
 .comment       0x0000000000000000       0x71 binaries/xsh_argecho.o
 .comment       0x0000000000000000       0x71 binaries/xsh_arp.o
 .comment       0x0000000000000000       0x71 binaries/xsh_cat.o
 .comment       0x0000000000000000       0x71 binaries/xsh_clear.o
 .comment       0x0000000000000000       0x71 binaries/xsh_cliver.o
 .comment       0x0000000000000000       0x71 binaries/xsh_date.o
 .comment       0x0000000000000000       0x71 binaries/xsh_devdump.o
 .comment       0x0000000000000000       0x71 binaries/xsh_echo.o
 .comment       0x0000000000000000       0x71 binaries/xsh_exit.o
 .comment       0x0000000000000000       0x71 binaries/xsh_fstest.o
 .comment       0x0000000000000000       0x71 binaries/xsh_hello.o
 .comment       0x0000000000000000       0x71 binaries/xsh_help.o
 .comment       0x0000000000000000       0x71 binaries/xsh_ipaddr.o
 .comment       0x0000000000000000       0x71 binaries/xsh_kill.o
 .comment       0x0000000000000000       0x71 binaries/xsh_led.o
 .comment       0x0000000000000000       0x71 binaries/xsh_memdump.o
 .comment       0x0000000000000000       0x71 binaries/xsh_memstat.o
 .comment       0x0000000000000000       0x71 binaries/xsh_ping.o
 .comment       0x0000000000000000       0x71 binaries/xsh_prodcons.o
 .comment       0x0000000000000000       0x71 binaries/xsh_ps.o
 .comment       0x0000000000000000       0x71 binaries/xsh_reset.o
 .comment       0x0000000000000000       0x71 binaries/xsh_sleep.o
 .comment       0x0000000000000000       0x71 binaries/xsh_udpdump.o
 .comment       0x0000000000000000       0x71 binaries/xsh_udpecho.o
 .comment       0x0000000000000000       0x71 binaries/xsh_udpeserver.o
 .comment       0x0000000000000000       0x71 binaries/xsh_uptime.o
 .comment       0x0000000000000000       0x71 binaries/cliver_produce.o
 .comment       0x0000000000000000       0x71 binaries/consume.o
 .comment       0x0000000000000000       0x71 binaries/future_cons.o
 .comment       0x0000000000000000       0x71 binaries/future_prod.o
 .comment       0x0000000000000000       0x71 binaries/produce.o

.debug_frame    0x0000000000000000       0x40
 .debug_frame   0x0000000000000000       0x20 /usr/lib/gcc/arm-none-eabi/4.9.3/libgcc.a(_udivsi3.o)
 .debug_frame   0x0000000000000020       0x20 /usr/lib/gcc/arm-none-eabi/4.9.3/libgcc.a(_divsi3.o)
